\BOOKMARK [0][-]{chapter*.4}{\376\377\000H\000o\000w\000\040\000t\000o\000\040\000U\000s\000e\000\040\000T\000h\000i\000s\000\040\000D\000o\000c\000u\000m\000e\000n\000t}{}% 1
\BOOKMARK [0][-]{chapter.1}{\376\377\000P\000r\000o\000j\000e\000c\000t\000\040\000I\000d\000e\000n\000t\000i\000t\000y}{}% 2
\BOOKMARK [1][-]{section.1.1}{\376\377\000O\000n\000e\000-\000L\000i\000n\000e\000\040\000P\000r\000o\000j\000e\000c\000t\000\040\000S\000u\000m\000m\000a\000r\000y}{chapter.1}% 3
\BOOKMARK [1][-]{section.1.2}{\376\377\000W\000h\000y\000\040\000T\000h\000i\000s\000\040\000P\000r\000o\000j\000e\000c\000t\000\040\000E\000x\000i\000s\000t\000s}{chapter.1}% 4
\BOOKMARK [1][-]{section.1.3}{\376\377\000W\000h\000a\000t\000\040\000M\000a\000k\000e\000s\000\040\000t\000h\000e\000\040\000P\000r\000o\000j\000e\000c\000t\000\040\000R\000e\000s\000u\000m\000e\000-\000W\000o\000r\000t\000h\000y}{chapter.1}% 5
\BOOKMARK [1][-]{section.1.4}{\376\377\000S\000a\000f\000e\000\040\000a\000n\000d\000\040\000A\000c\000c\000u\000r\000a\000t\000e\000\040\000R\000e\000s\000u\000m\000e\000\040\000F\000r\000a\000m\000i\000n\000g}{chapter.1}% 6
\BOOKMARK [0][-]{chapter.2}{\376\377\000S\000c\000o\000p\000e\000,\000\040\000P\000r\000o\000m\000i\000s\000e\000,\000\040\000a\000n\000d\000\040\000B\000o\000u\000n\000d\000a\000r\000i\000e\000s}{}% 7
\BOOKMARK [1][-]{section.2.1}{\376\377\000W\000h\000a\000t\000\040\000t\000h\000e\000\040\000S\000y\000s\000t\000e\000m\000\040\000D\000o\000e\000s}{chapter.2}% 8
\BOOKMARK [1][-]{section.2.2}{\376\377\000W\000h\000a\000t\000\040\000t\000h\000e\000\040\000S\000y\000s\000t\000e\000m\000\040\000D\000o\000e\000s\000\040\000N\000o\000t\000\040\000D\000o}{chapter.2}% 9
\BOOKMARK [1][-]{section.2.3}{\376\377\000W\000h\000y\000\040\000T\000h\000o\000s\000e\000\040\000B\000o\000u\000n\000d\000a\000r\000i\000e\000s\000\040\000M\000a\000t\000t\000e\000r\000\040\000i\000n\000\040\000a\000n\000\040\000I\000n\000t\000e\000r\000v\000i\000e\000w}{chapter.2}% 10
\BOOKMARK [0][-]{chapter.3}{\376\377\000E\000n\000d\000-\000t\000o\000-\000E\000n\000d\000\040\000S\000y\000s\000t\000e\000m\000\040\000W\000a\000l\000k\000t\000h\000r\000o\000u\000g\000h}{}% 11
\BOOKMARK [1][-]{section.3.1}{\376\377\000H\000i\000g\000h\000-\000L\000e\000v\000e\000l\000\040\000P\000i\000p\000e\000l\000i\000n\000e}{chapter.3}% 12
\BOOKMARK [1][-]{section.3.2}{\376\377\000R\000e\000q\000u\000e\000s\000t\000\040\000F\000l\000o\000w\000\040\000i\000n\000\040\000t\000h\000e\000\040\000F\000u\000l\000l\000\040\000S\000t\000a\000c\000k}{chapter.3}% 13
\BOOKMARK [1][-]{section.3.3}{\376\377\000W\000h\000y\000\040\000T\000h\000i\000s\000\040\000A\000r\000c\000h\000i\000t\000e\000c\000t\000u\000r\000e\000\040\000I\000s\000\040\000G\000o\000o\000d\000\040\000f\000o\000r\000\040\000D\000e\000m\000o\000n\000s\000t\000r\000a\000t\000i\000o\000n}{chapter.3}% 14
\BOOKMARK [0][-]{chapter.4}{\376\377\000T\000e\000c\000h\000n\000o\000l\000o\000g\000y\000\040\000S\000t\000a\000c\000k\000:\000\040\000W\000h\000a\000t\000\040\000W\000a\000s\000\040\000U\000s\000e\000d\000\040\000a\000n\000d\000\040\000W\000h\000y}{}% 15
\BOOKMARK [1][-]{section.4.1}{\376\377\000P\000y\000t\000h\000o\000n}{chapter.4}% 16
\BOOKMARK [1][-]{section.4.2}{\376\377\000E\000x\000p\000r\000e\000s\000s\000.\000j\000s}{chapter.4}% 17
\BOOKMARK [1][-]{section.4.3}{\376\377\000N\000e\000x\000t\000.\000j\000s}{chapter.4}% 18
\BOOKMARK [1][-]{section.4.4}{\376\377\000T\000a\000i\000l\000w\000i\000n\000d\000\040\000C\000S\000S}{chapter.4}% 19
\BOOKMARK [1][-]{section.4.5}{\376\377\000S\000Q\000L\000i\000t\000e}{chapter.4}% 20
\BOOKMARK [1][-]{section.4.6}{\376\377\000W\000e\000b\000S\000o\000c\000k\000e\000t\000s}{chapter.4}% 21
\BOOKMARK [1][-]{section.4.7}{\376\377\000T\000S\000h\000a\000r\000k}{chapter.4}% 22
\BOOKMARK [1][-]{section.4.8}{\376\377\000n\000o\000d\000e\000:\000s\000q\000l\000i\000t\000e}{chapter.4}% 23
\BOOKMARK [0][-]{chapter.5}{\376\377\000R\000e\000p\000o\000s\000i\000t\000o\000r\000y\000\040\000M\000a\000p}{}% 24
\BOOKMARK [1][-]{section.5.1}{\376\377\000T\000o\000p\000-\000L\000e\000v\000e\000l\000\040\000S\000t\000r\000u\000c\000t\000u\000r\000e}{chapter.5}% 25
\BOOKMARK [1][-]{section.5.2}{\376\377\000C\000o\000n\000c\000e\000p\000t\000u\000a\000l\000\040\000D\000i\000r\000e\000c\000t\000o\000r\000y\000\040\000R\000e\000s\000p\000o\000n\000s\000i\000b\000i\000l\000i\000t\000i\000e\000s}{chapter.5}% 26
\BOOKMARK [0][-]{chapter.6}{\376\377\000C\000o\000r\000e\000\040\000D\000a\000t\000a\000\040\000M\000o\000d\000e\000l}{}% 27
\BOOKMARK [1][-]{section.6.1}{\376\377\000W\000h\000y\000\040\000t\000h\000e\000\040\000D\000a\000t\000a\000\040\000M\000o\000d\000e\000l\000\040\000M\000a\000t\000t\000e\000r\000s}{chapter.6}% 28
\BOOKMARK [1][-]{section.6.2}{\376\377\000R\000a\000w\000E\000v\000e\000n\000t}{chapter.6}% 29
\BOOKMARK [1][-]{section.6.3}{\376\377\000F\000e\000a\000t\000u\000r\000e\000E\000v\000e\000n\000t}{chapter.6}% 30
\BOOKMARK [1][-]{section.6.4}{\376\377\000C\000o\000r\000r\000e\000l\000a\000t\000i\000o\000n\000C\000a\000n\000d\000i\000d\000a\000t\000e}{chapter.6}% 31
\BOOKMARK [1][-]{section.6.5}{\376\377\000R\000a\000n\000k\000e\000d\000P\000a\000t\000h}{chapter.6}% 32
\BOOKMARK [1][-]{section.6.6}{\376\377\000R\000e\000g\000i\000o\000n\000E\000s\000t\000i\000m\000a\000t\000e}{chapter.6}% 33
\BOOKMARK [1][-]{section.6.7}{\376\377\000E\000v\000a\000l\000u\000a\000t\000i\000o\000n\000S\000u\000m\000m\000a\000r\000y}{chapter.6}% 34
\BOOKMARK [0][-]{chapter.7}{\376\377\000C\000o\000n\000f\000i\000g\000u\000r\000a\000t\000i\000o\000n\000\040\000L\000o\000g\000i\000c}{}% 35
\BOOKMARK [1][-]{section.7.1}{\376\377\000P\000u\000r\000p\000o\000s\000e\000\040\000o\000f\000\040\000c\000o\000n\000f\000i\000g\000.\000p\000y}{chapter.7}% 36
\BOOKMARK [1][-]{section.7.2}{\376\377\000T\000h\000r\000e\000s\000h\000o\000l\000d\000s\000\040\000a\000n\000d\000\040\000W\000e\000i\000g\000h\000t\000s}{chapter.7}% 37
\BOOKMARK [1][-]{section.7.3}{\376\377\000C\000a\000p\000t\000u\000r\000e\000-\000S\000p\000e\000c\000i\000f\000i\000c\000\040\000R\000e\000l\000a\000x\000a\000t\000i\000o\000n}{chapter.7}% 38
\BOOKMARK [1][-]{section.7.4}{\376\377\000R\000e\000g\000i\000o\000n\000\040\000P\000r\000i\000o\000r\000s}{chapter.7}% 39
\BOOKMARK [0][-]{chapter.8}{\376\377\000A\000l\000g\000o\000r\000i\000t\000h\000m\000i\000c\000\040\000P\000i\000p\000e\000l\000i\000n\000e}{}% 40
\BOOKMARK [1][-]{section.8.1}{\376\377\000S\000t\000a\000g\000e\000\040\0001\000:\000\040\000E\000v\000e\000n\000t\000\040\000A\000c\000q\000u\000i\000s\000i\000t\000i\000o\000n}{chapter.8}% 41
\BOOKMARK [1][-]{section.8.2}{\376\377\000S\000t\000a\000g\000e\000\040\0002\000:\000\040\000F\000e\000a\000t\000u\000r\000e\000\040\000E\000x\000t\000r\000a\000c\000t\000i\000o\000n}{chapter.8}% 42
\BOOKMARK [1][-]{section.8.3}{\376\377\000S\000t\000a\000g\000e\000\040\0003\000:\000\040\000H\000o\000p\000\040\000C\000o\000r\000r\000e\000l\000a\000t\000i\000o\000n}{chapter.8}% 43
\BOOKMARK [1][-]{section.8.4}{\376\377\000S\000t\000a\000g\000e\000\040\0004\000:\000\040\000P\000a\000t\000h\000\040\000C\000o\000n\000s\000t\000r\000u\000c\000t\000i\000o\000n}{chapter.8}% 44
\BOOKMARK [1][-]{section.8.5}{\376\377\000S\000t\000a\000g\000e\000\040\0005\000:\000\040\000R\000e\000g\000i\000o\000n\000\040\000E\000s\000t\000i\000m\000a\000t\000i\000o\000n}{chapter.8}% 45
\BOOKMARK [1][-]{section.8.6}{\376\377\000S\000t\000a\000g\000e\000\040\0006\000:\000\040\000E\000v\000a\000l\000u\000a\000t\000i\000o\000n}{chapter.8}% 46
\BOOKMARK [1][-]{section.8.7}{\376\377\000S\000t\000a\000g\000e\000\040\0007\000:\000\040\000P\000r\000e\000s\000e\000n\000t\000a\000t\000i\000o\000n}{chapter.8}% 47
\BOOKMARK [0][-]{chapter.9}{\376\377\000M\000a\000t\000h\000e\000m\000a\000t\000i\000c\000s\000\040\000B\000e\000h\000i\000n\000d\000\040\000t\000h\000e\000\040\000S\000c\000o\000r\000i\000n\000g}{}% 48
\BOOKMARK [1][-]{section.9.1}{\376\377\000T\000i\000m\000e\000\040\000S\000i\000m\000i\000l\000a\000r\000i\000t\000y}{chapter.9}% 49
\BOOKMARK [1][-]{section.9.2}{\376\377\000S\000i\000z\000e\000\040\000S\000i\000m\000i\000l\000a\000r\000i\000t\000y}{chapter.9}% 50
\BOOKMARK [1][-]{section.9.3}{\376\377\000S\000e\000q\000u\000e\000n\000c\000e\000\040\000S\000i\000m\000i\000l\000a\000r\000i\000t\000y}{chapter.9}% 51
\BOOKMARK [1][-]{section.9.4}{\376\377\000C\000o\000m\000b\000i\000n\000e\000d\000\040\000S\000c\000o\000r\000e}{chapter.9}% 52
\BOOKMARK [1][-]{section.9.5}{\376\377\000W\000h\000y\000\040\000T\000h\000i\000s\000\040\000I\000s\000\040\000G\000o\000o\000d\000\040\000f\000o\000r\000\040\000a\000n\000\040\000I\000n\000t\000e\000r\000v\000i\000e\000w}{chapter.9}% 53
\BOOKMARK [0][-]{chapter.10}{\376\377\000S\000i\000m\000u\000l\000a\000t\000i\000o\000n\000\040\000P\000i\000p\000e\000l\000i\000n\000e}{}% 54
\BOOKMARK [1][-]{section.10.1}{\376\377\000P\000u\000r\000p\000o\000s\000e}{chapter.10}% 55
\BOOKMARK [1][-]{section.10.2}{\376\377\000I\000m\000p\000l\000e\000m\000e\000n\000t\000a\000t\000i\000o\000n\000\040\000L\000o\000g\000i\000c}{chapter.10}% 56
\BOOKMARK [1][-]{section.10.3}{\376\377\000W\000h\000y\000\040\000I\000t\000\040\000M\000a\000t\000t\000e\000r\000s}{chapter.10}% 57
\BOOKMARK [0][-]{chapter.11}{\376\377\000R\000e\000p\000l\000a\000y\000\040\000P\000i\000p\000e\000l\000i\000n\000e}{}% 58
\BOOKMARK [1][-]{section.11.1}{\376\377\000P\000u\000r\000p\000o\000s\000e}{chapter.11}% 59
\BOOKMARK [1][-]{section.11.2}{\376\377\000I\000m\000p\000l\000e\000m\000e\000n\000t\000a\000t\000i\000o\000n\000\040\000L\000o\000g\000i\000c}{chapter.11}% 60
\BOOKMARK [1][-]{section.11.3}{\376\377\000W\000h\000y\000\040\000I\000t\000\040\000M\000a\000t\000t\000e\000r\000s}{chapter.11}% 61
\BOOKMARK [0][-]{chapter.12}{\376\377\000P\000C\000A\000P\000\040\000P\000i\000p\000e\000l\000i\000n\000e}{}% 62
\BOOKMARK [1][-]{section.12.1}{\376\377\000P\000u\000r\000p\000o\000s\000e}{chapter.12}% 63
\BOOKMARK [1][-]{section.12.2}{\376\377\000W\000h\000y\000\040\000P\000C\000A\000P\000\040\000W\000a\000s\000\040\000t\000h\000e\000\040\000H\000a\000r\000d\000e\000s\000t\000\040\000P\000a\000r\000t}{chapter.12}% 64
\BOOKMARK [1][-]{section.12.3}{\376\377\000I\000m\000p\000o\000r\000t\000a\000n\000t\000\040\000H\000e\000u\000r\000i\000s\000t\000i\000c\000s}{chapter.12}% 65
\BOOKMARK [1][-]{section.12.4}{\376\377\000W\000h\000y\000\040\000T\000h\000e\000s\000e\000\040\000H\000e\000u\000r\000i\000s\000t\000i\000c\000s\000\040\000A\000r\000e\000\040\000A\000c\000c\000e\000p\000t\000a\000b\000l\000e\000\040\000H\000e\000r\000e}{chapter.12}% 66
\BOOKMARK [0][-]{chapter.13}{\376\377\000L\000i\000v\000e\000\040\000C\000a\000p\000t\000u\000r\000e\000\040\000P\000i\000p\000e\000l\000i\000n\000e}{}% 67
\BOOKMARK [1][-]{section.13.1}{\376\377\000P\000u\000r\000p\000o\000s\000e}{chapter.13}% 68
\BOOKMARK [1][-]{section.13.2}{\376\377\000I\000m\000p\000l\000e\000m\000e\000n\000t\000a\000t\000i\000o\000n\000\040\000L\000o\000g\000i\000c}{chapter.13}% 69
\BOOKMARK [1][-]{section.13.3}{\376\377\000D\000e\000m\000o\000n\000s\000t\000r\000a\000t\000i\000o\000n\000\040\000A\000d\000v\000i\000c\000e}{chapter.13}% 70
\BOOKMARK [0][-]{chapter.14}{\376\377\000B\000a\000c\000k\000e\000n\000d\000\040\000A\000r\000c\000h\000i\000t\000e\000c\000t\000u\000r\000e}{}% 71
\BOOKMARK [1][-]{section.14.1}{\376\377\000E\000x\000p\000r\000e\000s\000s\000\040\000S\000e\000r\000v\000e\000r}{chapter.14}% 72
\BOOKMARK [1][-]{section.14.2}{\376\377\000A\000u\000t\000h\000e\000n\000t\000i\000c\000a\000t\000i\000o\000n\000\040\000F\000l\000o\000w}{chapter.14}% 73
\BOOKMARK [1][-]{section.14.3}{\376\377\000S\000e\000s\000s\000i\000o\000n\000\040\000L\000i\000f\000e\000c\000y\000c\000l\000e}{chapter.14}% 74
\BOOKMARK [1][-]{section.14.4}{\376\377\000W\000h\000y\000\040\000t\000h\000e\000\040\000Q\000u\000e\000u\000e\000\040\000E\000x\000i\000s\000t\000s}{chapter.14}% 75
\BOOKMARK [0][-]{chapter.15}{\376\377\000F\000r\000o\000n\000t\000e\000n\000d\000\040\000A\000r\000c\000h\000i\000t\000e\000c\000t\000u\000r\000e}{}% 76
\BOOKMARK [1][-]{section.15.1}{\376\377\000S\000i\000n\000g\000l\000e\000-\000P\000a\000g\000e\000\040\000D\000a\000s\000h\000b\000o\000a\000r\000d\000\040\000D\000e\000s\000i\000g\000n}{chapter.15}% 77
\BOOKMARK [1][-]{section.15.2}{\376\377\000S\000t\000a\000t\000e\000\040\000M\000a\000n\000a\000g\000e\000m\000e\000n\000t}{chapter.15}% 78
\BOOKMARK [1][-]{section.15.3}{\376\377\000W\000e\000b\000S\000o\000c\000k\000e\000t\000\040\000I\000n\000t\000e\000g\000r\000a\000t\000i\000o\000n}{chapter.15}% 79
\BOOKMARK [0][-]{chapter.16}{\376\377\000W\000h\000y\000\040\000t\000h\000e\000\040\000P\000r\000o\000j\000e\000c\000t\000\040\000H\000a\000s\000\040\000B\000o\000t\000h\000\040\000C\000L\000I\000\040\000a\000n\000d\000\040\000W\000e\000b\000\040\000U\000I}{}% 80
\BOOKMARK [0][-]{chapter.17}{\376\377\000F\000i\000l\000e\000-\000b\000y\000-\000F\000i\000l\000e\000\040\000E\000x\000p\000l\000a\000n\000a\000t\000i\000o\000n}{}% 81
\BOOKMARK [1][-]{section.17.1}{\376\377\000H\000o\000w\000\040\000t\000o\000\040\000R\000e\000a\000d\000\040\000T\000h\000i\000s\000\040\000C\000h\000a\000p\000t\000e\000r}{chapter.17}% 82
\BOOKMARK [0][-]{chapter.18}{\376\377\000R\000o\000o\000t\000-\000L\000e\000v\000e\000l\000\040\000F\000i\000l\000e\000s}{}% 83
\BOOKMARK [1][-]{section.18.1}{\376\377\000R\000E\000A\000D\000M\000E\000.\000m\000d}{chapter.18}% 84
\BOOKMARK [1][-]{section.18.2}{\376\377\000m\000a\000i\000n\000.\000p\000y}{chapter.18}% 85
\BOOKMARK [1][-]{section.18.3}{\376\377\000e\000n\000g\000i\000n\000e\000\137\000a\000p\000i\000.\000p\000y}{chapter.18}% 86
\BOOKMARK [1][-]{section.18.4}{\376\377\000s\000e\000r\000v\000i\000c\000e\000.\000p\000y}{chapter.18}% 87
\BOOKMARK [1][-]{section.18.5}{\376\377\000m\000o\000d\000e\000l\000s\000.\000p\000y}{chapter.18}% 88
\BOOKMARK [1][-]{section.18.6}{\376\377\000c\000o\000n\000f\000i\000g\000.\000p\000y}{chapter.18}% 89
\BOOKMARK [1][-]{section.18.7}{\376\377\000r\000e\000q\000u\000i\000r\000e\000m\000e\000n\000t\000s\000.\000t\000x\000t}{chapter.18}% 90
\BOOKMARK [1][-]{section.18.8}{\376\377\000p\000a\000c\000k\000a\000g\000e\000.\000j\000s\000o\000n}{chapter.18}% 91
\BOOKMARK [1][-]{section.18.9}{\376\377\000d\000o\000c\000k\000e\000r\000-\000c\000o\000m\000p\000o\000s\000e\000.\000y\000m\000l}{chapter.18}% 92
\BOOKMARK [1][-]{section.18.10}{\376\377\000m\000a\000i\000n\000.\000t\000e\000x}{chapter.18}% 93
\BOOKMARK [1][-]{section.18.11}{\376\377\000e\000x\000p\000l\000a\000i\000n\000a\000t\000i\000o\000n\000.\000t\000e\000x}{chapter.18}% 94
\BOOKMARK [1][-]{section.18.12}{\376\377\000a\000n\000a\000l\000y\000z\000e\000.\000p\000y}{chapter.18}% 95
\BOOKMARK [1][-]{section.18.13}{\376\377\000s\000n\000i\000f\000f\000e\000r\000.\000p\000y}{chapter.18}% 96
\BOOKMARK [0][-]{chapter.19}{\376\377\000C\000a\000p\000t\000u\000r\000e\000\040\000P\000a\000c\000k\000a\000g\000e}{}% 97
\BOOKMARK [1][-]{section.19.1}{\376\377\000c\000a\000p\000t\000u\000r\000e\000/\000\137\000\137\000i\000n\000i\000t\000\137\000\137\000.\000p\000y}{chapter.19}% 98
\BOOKMARK [1][-]{section.19.2}{\376\377\000c\000a\000p\000t\000u\000r\000e\000/\000s\000i\000m\000u\000l\000a\000t\000e\000.\000p\000y}{chapter.19}% 99
\BOOKMARK [1][-]{section.19.3}{\376\377\000c\000a\000p\000t\000u\000r\000e\000/\000r\000e\000p\000l\000a\000y\000.\000p\000y}{chapter.19}% 100
\BOOKMARK [1][-]{section.19.4}{\376\377\000c\000a\000p\000t\000u\000r\000e\000/\000p\000c\000a\000p\000.\000p\000y}{chapter.19}% 101
\BOOKMARK [1][-]{section.19.5}{\376\377\000c\000a\000p\000t\000u\000r\000e\000/\000l\000i\000v\000e\000.\000p\000y}{chapter.19}% 102
\BOOKMARK [0][-]{chapter.20}{\376\377\000P\000r\000o\000c\000e\000s\000s\000i\000n\000g\000\040\000P\000a\000c\000k\000a\000g\000e}{}% 103
\BOOKMARK [1][-]{section.20.1}{\376\377\000p\000r\000o\000c\000e\000s\000s\000i\000n\000g\000/\000\137\000\137\000i\000n\000i\000t\000\137\000\137\000.\000p\000y}{chapter.20}% 104
\BOOKMARK [1][-]{section.20.2}{\376\377\000p\000r\000o\000c\000e\000s\000s\000i\000n\000g\000/\000f\000e\000a\000t\000u\000r\000e\000s\000.\000p\000y}{chapter.20}% 105
\BOOKMARK [1][-]{section.20.3}{\376\377\000p\000r\000o\000c\000e\000s\000s\000i\000n\000g\000/\000c\000o\000r\000r\000e\000l\000a\000t\000o\000r\000.\000p\000y}{chapter.20}% 106
\BOOKMARK [1][-]{section.20.4}{\376\377\000p\000r\000o\000c\000e\000s\000s\000i\000n\000g\000/\000g\000r\000a\000p\000h\000.\000p\000y}{chapter.20}% 107
\BOOKMARK [1][-]{section.20.5}{\376\377\000p\000r\000o\000c\000e\000s\000s\000i\000n\000g\000/\000e\000s\000t\000i\000m\000a\000t\000o\000r\000.\000p\000y}{chapter.20}% 108
\BOOKMARK [1][-]{section.20.6}{\376\377\000p\000r\000o\000c\000e\000s\000s\000i\000n\000g\000/\000e\000v\000a\000l\000u\000a\000t\000o\000r\000.\000p\000y}{chapter.20}% 109
\BOOKMARK [0][-]{chapter.21}{\376\377\000D\000a\000t\000a\000\040\000P\000a\000c\000k\000a\000g\000e\000\040\000a\000n\000d\000\040\000A\000r\000t\000i\000f\000a\000c\000t\000s}{}% 110
\BOOKMARK [1][-]{section.21.1}{\376\377\000d\000a\000t\000a\000/\000\137\000\137\000i\000n\000i\000t\000\137\000\137\000.\000p\000y}{chapter.21}% 111
\BOOKMARK [1][-]{section.21.2}{\376\377\000d\000a\000t\000a\000/\000n\000o\000d\000e\000s\000.\000p\000y}{chapter.21}% 112
\BOOKMARK [1][-]{section.21.3}{\376\377\000d\000a\000t\000a\000/\000n\000e\000t\000w\000o\000r\000k\000\137\000f\000e\000a\000t\000u\000r\000e\000s\000.\000c\000s\000v}{chapter.21}% 113
\BOOKMARK [0][-]{chapter.22}{\376\377\000U\000I\000\040\000P\000a\000c\000k\000a\000g\000e}{}% 114
\BOOKMARK [1][-]{section.22.1}{\376\377\000u\000i\000/\000\137\000\137\000i\000n\000i\000t\000\137\000\137\000.\000p\000y}{chapter.22}% 115
\BOOKMARK [1][-]{section.22.2}{\376\377\000u\000i\000/\000t\000e\000r\000m\000i\000n\000a\000l\000.\000p\000y}{chapter.22}% 116
\BOOKMARK [0][-]{chapter.23}{\376\377\000U\000t\000i\000l\000i\000t\000y\000\040\000F\000i\000l\000e\000s}{}% 117
\BOOKMARK [1][-]{section.23.1}{\376\377\000u\000t\000i\000l\000s\000/\000\137\000\137\000i\000n\000i\000t\000\137\000\137\000.\000p\000y}{chapter.23}% 118
\BOOKMARK [1][-]{section.23.2}{\376\377\000u\000t\000i\000l\000s\000/\000i\000o\000.\000p\000y}{chapter.23}% 119
\BOOKMARK [0][-]{chapter.24}{\376\377\000B\000a\000c\000k\000e\000n\000d\000\040\000F\000i\000l\000e\000s}{}% 120
\BOOKMARK [1][-]{section.24.1}{\376\377\000b\000a\000c\000k\000e\000n\000d\000/\000p\000a\000c\000k\000a\000g\000e\000.\000j\000s\000o\000n}{chapter.24}% 121
\BOOKMARK [1][-]{section.24.2}{\376\377\000b\000a\000c\000k\000e\000n\000d\000/\000s\000e\000r\000v\000e\000r\000.\000j\000s}{chapter.24}% 122
\BOOKMARK [1][-]{section.24.3}{\376\377\000b\000a\000c\000k\000e\000n\000d\000/\000a\000u\000t\000h\000.\000j\000s}{chapter.24}% 123
\BOOKMARK [1][-]{section.24.4}{\376\377\000b\000a\000c\000k\000e\000n\000d\000/\000d\000b\000.\000j\000s}{chapter.24}% 124
\BOOKMARK [1][-]{section.24.5}{\376\377\000b\000a\000c\000k\000e\000n\000d\000/\000q\000u\000e\000u\000e\000.\000j\000s}{chapter.24}% 125
\BOOKMARK [1][-]{section.24.6}{\376\377\000b\000a\000c\000k\000e\000n\000d\000/\000p\000y\000t\000h\000o\000n\000R\000u\000n\000n\000e\000r\000.\000j\000s}{chapter.24}% 126
\BOOKMARK [1][-]{section.24.7}{\376\377\000b\000a\000c\000k\000e\000n\000d\000/\000s\000o\000c\000k\000e\000t\000H\000u\000b\000.\000j\000s}{chapter.24}% 127
\BOOKMARK [1][-]{section.24.8}{\376\377\000b\000a\000c\000k\000e\000n\000d\000/\000D\000o\000c\000k\000e\000r\000f\000i\000l\000e}{chapter.24}% 128
\BOOKMARK [1][-]{section.24.9}{\376\377\000b\000a\000c\000k\000e\000n\000d\000/\000.\000e\000n\000v\000.\000e\000x\000a\000m\000p\000l\000e}{chapter.24}% 129
\BOOKMARK [0][-]{chapter.25}{\376\377\000F\000r\000o\000n\000t\000e\000n\000d\000\040\000F\000i\000l\000e\000s}{}% 130
\BOOKMARK [1][-]{section.25.1}{\376\377\000f\000r\000o\000n\000t\000e\000n\000d\000/\000p\000a\000c\000k\000a\000g\000e\000.\000j\000s\000o\000n}{chapter.25}% 131
\BOOKMARK [1][-]{section.25.2}{\376\377\000f\000r\000o\000n\000t\000e\000n\000d\000/\000a\000p\000p\000/\000l\000a\000y\000o\000u\000t\000.\000j\000s}{chapter.25}% 132
\BOOKMARK [1][-]{section.25.3}{\376\377\000f\000r\000o\000n\000t\000e\000n\000d\000/\000a\000p\000p\000/\000g\000l\000o\000b\000a\000l\000s\000.\000c\000s\000s}{chapter.25}% 133
\BOOKMARK [1][-]{section.25.4}{\376\377\000f\000r\000o\000n\000t\000e\000n\000d\000/\000a\000p\000p\000/\000p\000a\000g\000e\000.\000j\000s}{chapter.25}% 134
\BOOKMARK [1][-]{section.25.5}{\376\377\000f\000r\000o\000n\000t\000e\000n\000d\000/\000c\000o\000m\000p\000o\000n\000e\000n\000t\000s\000/\000d\000a\000s\000h\000b\000o\000a\000r\000d\000/\000u\000i\000.\000j\000s}{chapter.25}% 135
\BOOKMARK [1][-]{section.25.6}{\376\377\000f\000r\000o\000n\000t\000e\000n\000d\000/\000h\000o\000o\000k\000s\000/\000u\000s\000e\000D\000a\000s\000h\000b\000o\000a\000r\000d\000.\000j\000s}{chapter.25}% 136
\BOOKMARK [1][-]{section.25.7}{\376\377\000f\000r\000o\000n\000t\000e\000n\000d\000/\000j\000s\000c\000o\000n\000f\000i\000g\000.\000j\000s\000o\000n}{chapter.25}% 137
\BOOKMARK [1][-]{section.25.8}{\376\377\000f\000r\000o\000n\000t\000e\000n\000d\000/\000n\000e\000x\000t\000.\000c\000o\000n\000f\000i\000g\000.\000m\000j\000s}{chapter.25}% 138
\BOOKMARK [1][-]{section.25.9}{\376\377\000f\000r\000o\000n\000t\000e\000n\000d\000/\000p\000o\000s\000t\000c\000s\000s\000.\000c\000o\000n\000f\000i\000g\000.\000m\000j\000s}{chapter.25}% 139
\BOOKMARK [1][-]{section.25.10}{\376\377\000f\000r\000o\000n\000t\000e\000n\000d\000/\000D\000o\000c\000k\000e\000r\000f\000i\000l\000e}{chapter.25}% 140
\BOOKMARK [1][-]{section.25.11}{\376\377\000f\000r\000o\000n\000t\000e\000n\000d\000/\000.\000e\000n\000v\000.\000e\000x\000a\000m\000p\000l\000e}{chapter.25}% 141
\BOOKMARK [0][-]{chapter.26}{\376\377\000T\000e\000s\000t\000s\000\040\000a\000n\000d\000\040\000S\000a\000m\000p\000l\000e\000\040\000D\000a\000t\000a}{}% 142
\BOOKMARK [1][-]{section.26.1}{\376\377\000t\000e\000s\000t\000s\000/\000t\000e\000s\000t\000\137\000p\000i\000p\000e\000l\000i\000n\000e\000.\000p\000y}{chapter.26}% 143
\BOOKMARK [1][-]{section.26.2}{\376\377\000t\000e\000s\000t\000s\000/\000t\000e\000s\000t\000\137\000p\000c\000a\000p\000\137\000p\000a\000r\000s\000e\000r\000.\000p\000y}{chapter.26}% 144
\BOOKMARK [1][-]{section.26.3}{\376\377\000t\000e\000s\000t\000s\000/\000s\000a\000m\000p\000l\000e\000\137\000d\000a\000t\000a\000/\000r\000e\000p\000l\000a\000y\000\137\000d\000a\000t\000a\000s\000e\000t\000.\000j\000s\000o\000n\000l}{chapter.26}% 145
\BOOKMARK [1][-]{section.26.4}{\376\377\000t\000e\000s\000t\000s\000/\000s\000a\000m\000p\000l\000e\000\137\000d\000a\000t\000a\000/\000r\000e\000p\000l\000a\000y\000\137\000d\000a\000t\000a\000s\000e\000t\000.\000c\000s\000v}{chapter.26}% 146
\BOOKMARK [1][-]{section.26.5}{\376\377\000t\000e\000s\000t\000s\000/\000s\000a\000m\000p\000l\000e\000\137\000d\000a\000t\000a\000/\000l\000i\000v\000e\000\137\000c\000a\000p\000t\000u\000r\000e\000.\000p\000c\000a\000p}{chapter.26}% 147
\BOOKMARK [1][-]{section.26.6}{\376\377\000t\000e\000s\000t\000s\000/\000s\000a\000m\000p\000l\000e\000\137\000d\000a\000t\000a\000/\000b\000e\000t\000t\000e\000r\000\137\000c\000a\000p\000t\000u\000r\000e\000.\000p\000c\000a\000p}{chapter.26}% 148
\BOOKMARK [1][-]{section.26.7}{\376\377\000t\000e\000s\000t\000s\000/\000s\000a\000m\000p\000l\000e\000\137\000d\000a\000t\000a\000/\000b\000e\000t\000t\000e\000r\000\137\000c\000a\000p\000t\000u\000r\000e\0002\000.\000p\000c\000a\000p}{chapter.26}% 149
\BOOKMARK [0][-]{chapter.27}{\376\377\000L\000o\000g\000s\000\040\000a\000n\000d\000\040\000O\000u\000t\000p\000u\000t\000s}{}% 150
\BOOKMARK [1][-]{section.27.1}{\376\377\000l\000o\000g\000s\000/\000r\000a\000w\000\137\000e\000v\000e\000n\000t\000s\000.\000j\000s\000o\000n\000l}{chapter.27}% 151
\BOOKMARK [1][-]{section.27.2}{\376\377\000l\000o\000g\000s\000/\000f\000e\000a\000t\000u\000r\000e\000s\000.\000j\000s\000o\000n\000l}{chapter.27}% 152
\BOOKMARK [1][-]{section.27.3}{\376\377\000l\000o\000g\000s\000/\000c\000o\000r\000r\000e\000l\000a\000t\000i\000o\000n\000s\000.\000j\000s\000o\000n\000l}{chapter.27}% 153
\BOOKMARK [1][-]{section.27.4}{\376\377\000l\000o\000g\000s\000/\000e\000s\000t\000i\000m\000a\000t\000e\000s\000.\000j\000s\000o\000n\000l}{chapter.27}% 154
\BOOKMARK [1][-]{section.27.5}{\376\377\000W\000h\000y\000\040\000L\000o\000g\000g\000i\000n\000g\000\040\000M\000a\000t\000t\000e\000r\000s}{chapter.27}% 155
\BOOKMARK [0][-]{chapter.28}{\376\377\000D\000e\000p\000l\000o\000y\000m\000e\000n\000t\000\040\000a\000n\000d\000\040\000H\000o\000s\000t\000i\000n\000g\000\040\000D\000i\000s\000c\000u\000s\000s\000i\000o\000n}{}% 156
\BOOKMARK [1][-]{section.28.1}{\376\377\000L\000o\000c\000a\000l\000\040\000D\000e\000p\000l\000o\000y\000m\000e\000n\000t}{chapter.28}% 157
\BOOKMARK [1][-]{section.28.2}{\376\377\000H\000o\000s\000t\000e\000d\000\040\000D\000e\000p\000l\000o\000y\000m\000e\000n\000t}{chapter.28}% 158
\BOOKMARK [1][-]{section.28.3}{\376\377\000W\000h\000y\000\040\000V\000e\000r\000c\000e\000l\000\040\000A\000l\000o\000n\000e\000\040\000I\000s\000\040\000N\000o\000t\000\040\000E\000n\000o\000u\000g\000h}{chapter.28}% 159
\BOOKMARK [0][-]{chapter.29}{\376\377\000S\000t\000r\000e\000n\000g\000t\000h\000s\000\040\000o\000f\000\040\000t\000h\000e\000\040\000P\000r\000o\000j\000e\000c\000t}{}% 160
\BOOKMARK [0][-]{chapter.30}{\376\377\000W\000e\000a\000k\000n\000e\000s\000s\000e\000s\000\040\000a\000n\000d\000\040\000L\000i\000m\000i\000t\000a\000t\000i\000o\000n\000s}{}% 161
\BOOKMARK [0][-]{chapter.31}{\376\377\000W\000h\000a\000t\000\040\000C\000o\000u\000l\000d\000\040\000B\000e\000\040\000I\000m\000p\000r\000o\000v\000e\000d\000\040\000N\000e\000x\000t}{}% 162
\BOOKMARK [1][-]{section.31.1}{\376\377\000A\000l\000g\000o\000r\000i\000t\000h\000m\000i\000c\000\040\000I\000m\000p\000r\000o\000v\000e\000m\000e\000n\000t\000s}{chapter.31}% 163
\BOOKMARK [1][-]{section.31.2}{\376\377\000B\000a\000c\000k\000e\000n\000d\000\040\000I\000m\000p\000r\000o\000v\000e\000m\000e\000n\000t\000s}{chapter.31}% 164
\BOOKMARK [1][-]{section.31.3}{\376\377\000F\000r\000o\000n\000t\000e\000n\000d\000\040\000I\000m\000p\000r\000o\000v\000e\000m\000e\000n\000t\000s}{chapter.31}% 165
\BOOKMARK [1][-]{section.31.4}{\376\377\000D\000e\000v\000O\000p\000s\000\040\000I\000m\000p\000r\000o\000v\000e\000m\000e\000n\000t\000s}{chapter.31}% 166
\BOOKMARK [0][-]{chapter.32}{\376\377\000I\000n\000t\000e\000r\000v\000i\000e\000w\000\040\000Q\000u\000e\000s\000t\000i\000o\000n\000s\000\040\000a\000n\000d\000\040\000S\000t\000r\000o\000n\000g\000\040\000A\000n\000s\000w\000e\000r\000s}{}% 167
\BOOKMARK [1][-]{section.32.1}{\376\377\000W\000h\000a\000t\000\040\000p\000r\000o\000b\000l\000e\000m\000\040\000d\000o\000e\000s\000\040\000t\000h\000i\000s\000\040\000p\000r\000o\000j\000e\000c\000t\000\040\000s\000o\000l\000v\000e\000?}{chapter.32}% 168
\BOOKMARK [1][-]{section.32.2}{\376\377\000W\000h\000y\000\040\000d\000i\000d\000\040\000y\000o\000u\000\040\000c\000h\000o\000o\000s\000e\000\040\000P\000y\000t\000h\000o\000n\000\040\000f\000o\000r\000\040\000t\000h\000e\000\040\000e\000n\000g\000i\000n\000e\000?}{chapter.32}% 169
\BOOKMARK [1][-]{section.32.3}{\376\377\000W\000h\000y\000\040\000n\000o\000t\000\040\000k\000e\000e\000p\000\040\000e\000v\000e\000r\000y\000t\000h\000i\000n\000g\000\040\000i\000n\000\040\000N\000o\000d\000e\000.\000j\000s\000?}{chapter.32}% 170
\BOOKMARK [1][-]{section.32.4}{\376\377\000W\000h\000y\000\040\000d\000i\000d\000\040\000y\000o\000u\000\040\000u\000s\000e\000\040\000W\000e\000b\000S\000o\000c\000k\000e\000t\000s\000?}{chapter.32}% 171
\BOOKMARK [1][-]{section.32.5}{\376\377\000W\000h\000y\000\040\000S\000Q\000L\000i\000t\000e\000?}{chapter.32}% 172
\BOOKMARK [1][-]{section.32.6}{\376\377\000W\000h\000a\000t\000\040\000w\000a\000s\000\040\000t\000h\000e\000\040\000h\000a\000r\000d\000e\000s\000t\000\040\000p\000a\000r\000t\000?}{chapter.32}% 173
\BOOKMARK [1][-]{section.32.7}{\376\377\000W\000h\000a\000t\000\040\000i\000s\000\040\000t\000h\000e\000\040\000b\000i\000g\000g\000e\000s\000t\000\040\000t\000e\000c\000h\000n\000i\000c\000a\000l\000\040\000t\000r\000a\000d\000e\000o\000f\000f\000\040\000i\000n\000\040\000t\000h\000e\000\040\000p\000r\000o\000j\000e\000c\000t\000?}{chapter.32}% 174
\BOOKMARK [1][-]{section.32.8}{\376\377\000W\000h\000a\000t\000\040\000w\000o\000u\000l\000d\000\040\000y\000o\000u\000\040\000i\000m\000p\000r\000o\000v\000e\000\040\000i\000f\000\040\000g\000i\000v\000e\000n\000\040\000m\000o\000r\000e\000\040\000t\000i\000m\000e\000?}{chapter.32}% 175
\BOOKMARK [0][-]{chapter.33}{\376\377\000H\000o\000w\000\040\000t\000o\000\040\000E\000x\000p\000l\000a\000i\000n\000\040\000t\000h\000e\000\040\000P\000r\000o\000j\000e\000c\000t\000\040\000i\000n\000\040\000T\000w\000o\000\040\000M\000i\000n\000u\000t\000e\000s}{}% 176
\BOOKMARK [0][-]{chapter.34}{\376\377\000H\000o\000w\000\040\000t\000o\000\040\000E\000x\000p\000l\000a\000i\000n\000\040\000t\000h\000e\000\040\000P\000r\000o\000j\000e\000c\000t\000\040\000i\000n\000\040\000D\000e\000e\000p\000\040\000T\000e\000c\000h\000n\000i\000c\000a\000l\000\040\000D\000e\000t\000a\000i\000l}{}% 177
\BOOKMARK [0][-]{chapter.35}{\376\377\000D\000e\000t\000a\000i\000l\000e\000d\000\040\000S\000e\000t\000u\000p\000\040\000N\000o\000t\000e\000s}{}% 178
\BOOKMARK [1][-]{section.35.1}{\376\377\000B\000a\000c\000k\000e\000n\000d\000\040\000E\000n\000v\000i\000r\000o\000n\000m\000e\000n\000t}{chapter.35}% 179
\BOOKMARK [1][-]{section.35.2}{\376\377\000F\000r\000o\000n\000t\000e\000n\000d\000\040\000E\000n\000v\000i\000r\000o\000n\000m\000e\000n\000t}{chapter.35}% 180
\BOOKMARK [1][-]{section.35.3}{\376\377\000I\000n\000s\000t\000a\000l\000l\000\040\000a\000n\000d\000\040\000R\000u\000n}{chapter.35}% 181
\BOOKMARK [1][-]{section.35.4}{\376\377\000H\000o\000s\000t\000e\000d\000\040\000C\000a\000v\000e\000a\000t}{chapter.35}% 182
\BOOKMARK [0][-]{chapter.36}{\376\377\000S\000u\000g\000g\000e\000s\000t\000e\000d\000\040\000V\000i\000v\000a\000\040\000a\000n\000d\000\040\000R\000e\000s\000u\000m\000e\000\040\000L\000a\000n\000g\000u\000a\000g\000e}{}% 183
\BOOKMARK [1][-]{section.36.1}{\376\377\000V\000i\000v\000a\000\040\000S\000u\000m\000m\000a\000r\000y}{chapter.36}% 184
\BOOKMARK [1][-]{section.36.2}{\376\377\000R\000e\000s\000u\000m\000e\000\040\000B\000u\000l\000l\000e\000t\000\040\0001}{chapter.36}% 185
\BOOKMARK [1][-]{section.36.3}{\376\377\000R\000e\000s\000u\000m\000e\000\040\000B\000u\000l\000l\000e\000t\000\040\0002}{chapter.36}% 186
\BOOKMARK [1][-]{section.36.4}{\376\377\000R\000e\000s\000u\000m\000e\000\040\000B\000u\000l\000l\000e\000t\000\040\0003}{chapter.36}% 187
\BOOKMARK [0][-]{chapter.37}{\376\377\000F\000i\000n\000a\000l\000\040\000A\000s\000s\000e\000s\000s\000m\000e\000n\000t}{}% 188
\BOOKMARK [0][-]{chapter*.5}{\376\377\000A\000p\000p\000e\000n\000d\000i\000x\000\040\000A\000:\000\040\000Q\000u\000i\000c\000k\000\040\000C\000o\000m\000m\000a\000n\000d\000\040\000R\000e\000f\000e\000r\000e\000n\000c\000e}{}% 189
\BOOKMARK [0][-]{chapter*.6}{\376\377\000A\000p\000p\000e\000n\000d\000i\000x\000\040\000B\000:\000\040\000F\000i\000l\000e\000\040\000I\000n\000v\000e\000n\000t\000o\000r\000y}{}% 190
\BOOKMARK [0][-]{chapter*.7}{\376\377\000A\000p\000p\000e\000n\000d\000i\000x\000\040\000C\000:\000\040\000R\000e\000f\000e\000r\000e\000n\000c\000e\000s\000\040\000a\000n\000d\000\040\000K\000n\000o\000w\000l\000e\000d\000g\000e\000\040\000S\000o\000u\000r\000c\000e\000s}{}% 191
